// Jest Snapshot v1, https://goo.gl/fbAQLP

exports[`<XUIEditableTableCellTextInput /> renders correctly 1`] = `
<XUIEditableTableCell
  className="xui-editabletablecelltextinput"
  onClick={[Function]}
>
  <XUITextInput
    containerClassName="xui-editabletablecelltextinput--control"
    inputProps={Object {}}
    isLabelHidden={true}
    minRows={3}
    onFocus={[Function]}
    size="medium"
  />
</XUIEditableTableCell>
`;
