// Jest Snapshot v1, https://goo.gl/fbAQLP

exports[`<XUIEditableTableCellSecondarySearch /> renders correctly 1`] = `
<XUIEditableTableCell
  className="xui-editabletablecellsecondarysearch"
>
  <XUIAutocompleterSecondarySearch
    className="xui-editabletablecellsecondarysearch--control"
    isInputLabelHidden={true}
    matchTriggerWidth={true}
    onSearch={[Function]}
    restrictFocus={true}
    searchThrottleInterval={0}
    trigger={
      <XUIButton
        fullWidth="never"
        isDisabled={false}
        isExternalLink={false}
        isGrouped={false}
        isLink={false}
        isLoading={false}
        retainLayout={true}
        tabIndex={0}
        type="button"
        variant="standard"
      >
        Click me
      </XUIButton>
    }
  />
</XUIEditableTableCell>
`;
