// Jest Snapshot v1, https://goo.gl/fbAQLP

exports[`<XUICheckboxRangeSelector /> supports custom wrapping elements 1`] = `
<div>
  <div>
    <div
      class="xui-styledcheckboxradiowrapper xui-styledcheckboxradio-medium"
    >
      <label
        class="xui-styledcheckboxradio"
        data-automationid="checkbox-1"
      >
        <input
          aria-labelledby="xui-nanoid"
          class="xui-styledcheckboxradio--input xui-styledcheckboxradio--input-medium"
          data-automationid="checkbox-1--input"
          type="checkbox"
          value=""
        />
        <div
          class="xui-styledcheckboxradio--checkbox xui-styledcheckboxradio--checkbox-medium"
          data-automationid="checkbox-1--checkbox"
        >
          <div
            class="xui-touchtarget"
          />
        </div>
        <span
          class="xui-styledcheckboxradio--label xui-styledcheckboxradio--label-medium"
          data-automationid="checkbox-1--label"
          id="xui-nanoid"
        >
          Checkbox 1
        </span>
      </label>
    </div>
    <div
      class="xui-styledcheckboxradiowrapper xui-styledcheckboxradio-medium"
    >
      <label
        class="xui-styledcheckboxradio"
        data-automationid="checkbox-2"
      >
        <input
          aria-labelledby="xui-nanoid"
          class="xui-styledcheckboxradio--input xui-styledcheckboxradio--input-medium"
          data-automationid="checkbox-2--input"
          type="checkbox"
          value=""
        />
        <div
          class="xui-styledcheckboxradio--checkbox xui-styledcheckboxradio--checkbox-medium"
          data-automationid="checkbox-2--checkbox"
        >
          <div
            class="xui-touchtarget"
          />
        </div>
        <span
          class="xui-styledcheckboxradio--label xui-styledcheckboxradio--label-medium"
          data-automationid="checkbox-2--label"
          id="xui-nanoid"
        >
          Checkbox 2
        </span>
      </label>
    </div>
    <div
      class="xui-styledcheckboxradiowrapper xui-styledcheckboxradio-medium"
    >
      <label
        class="xui-styledcheckboxradio"
        data-automationid="checkbox-3"
      >
        <input
          aria-labelledby="xui-nanoid"
          class="xui-styledcheckboxradio--input xui-styledcheckboxradio--input-medium"
          data-automationid="checkbox-3--input"
          type="checkbox"
          value=""
        />
        <div
          class="xui-styledcheckboxradio--checkbox xui-styledcheckboxradio--checkbox-medium"
          data-automationid="checkbox-3--checkbox"
        >
          <div
            class="xui-touchtarget"
          />
        </div>
        <span
          class="xui-styledcheckboxradio--label xui-styledcheckboxradio--label-medium"
          data-automationid="checkbox-3--label"
          id="xui-nanoid"
        >
          Checkbox 3
        </span>
      </label>
    </div>
  </div>
</div>
`;
